edges
| test.rb:6:3:6:9 | v_start | test.rb:8:3:8:7 | v_mid |  |  |
| test.rb:8:3:8:7 | v_mid | test.rb:2:3:2:7 | v_end |  |  |
nodes
| test.rb:2:3:2:7 | v_end | semmle.label | v_end |
| test.rb:6:3:6:9 | v_start | semmle.label | v_start |
| test.rb:8:3:8:7 | v_mid | semmle.label | v_mid |
#select
| test.rb:6:3:6:9 | v_start | test.rb:2:3:2:7 | v_end | Path from $@ to $@. | v_start | test.rb:6:3:6:9 | v_start | v_end | test.rb:2:3:2:7 | v_end |
