edges
| test.go:5:5:5:7 | mid | test.go:4:5:4:7 | end |  |  |
| test.go:6:5:6:9 | start | test.go:5:5:5:7 | mid |  |  |
nodes
| test.go:4:5:4:7 | end | semmle.label | end |
| test.go:5:5:5:7 | mid | semmle.label | mid |
| test.go:6:5:6:9 | start | semmle.label | start |
#select
| test.go:6:5:6:9 | start | test.go:4:5:4:7 | end | Path from $@ to $@. | start | test.go:6:5:6:9 | start | end | test.go:4:5:4:7 | end |