edges
| test.cpp:3:9:3:11 | mid | test.cpp:2:9:2:11 | end |  |  |
| test.cpp:4:9:4:13 | start | test.cpp:3:9:3:11 | mid |  |  |
nodes
| test.cpp:2:9:2:11 | end | semmle.label | end |
| test.cpp:3:9:3:11 | mid | semmle.label | mid |
| test.cpp:4:9:4:13 | start | semmle.label | start |
#select
| test.cpp:4:9:4:13 | start | test.cpp:2:9:2:11 | end | Path from $@ to $@. | start | test.cpp:4:9:4:13 | start | end | test.cpp:2:9:2:11 | end |