| test.cpp:2:1:1:7 | { ... } | 1 |
| test.cpp:7:1:9:10 | { ... } | 1 |
| test.cpp:10:5:11:10 | { ... } | 2 |
| test.cpp:14:5:15:10 | { ... } | 3 |
| test.cpp:18:5:6:7 | ExprStmt | 4 |
| test.cpp:22:1:27:5 | { ... } | 1 |
| test.cpp:24:12:24:13 | p1 | 2 |
| test.cpp:25:5:26:10 | { ... } | 3 |
| test.cpp:29:5:21:7 | ExprStmt | 4 |
| test.cpp:32:6:32:7 | f4 | 4 |
| test.cpp:33:1:35:10 | { ... } | 1 |
| test.cpp:36:5:38:15 | { ... } | 2 |
| test.cpp:41:5:42:10 | ExprStmt | 3 |
| test.cpp:43:5:45:15 | { ... } | 5 |
| test.cpp:48:5:49:1 | ExprStmt | 6 |
| test.cpp:52:1:54:10 | { ... } | 1 |
| test.cpp:55:5:57:14 | { ... } | 2 |
| test.cpp:58:9:59:14 | { ... } | 4 |
| test.cpp:62:9:63:14 | { ... } | 5 |
| test.cpp:67:5:68:10 | { ... } | 3 |
| test.cpp:71:5:51:7 | ExprStmt | 6 |
| test.cpp:75:1:77:12 | { ... } | 1 |
| test.cpp:78:5:79:17 | { ... } | 2 |
| test.cpp:84:9:85:14 | { ... } | 3 |
| test.cpp:93:5:74:7 | ExprStmt | 4 |
| test.cpp:97:1:99:18 | { ... } | 1 |
| test.cpp:99:21:99:26 | i | 2 |
| test.cpp:100:5:102:22 | { ... } | 3 |
| test.cpp:103:9:104:14 | { ... } | 5 |
| test.cpp:107:9:108:14 | { ... } | 6 |
| test.cpp:111:9:99:31 | ExprStmt | 7 |
| test.cpp:114:5:96:7 | ExprStmt | 4 |
| test.cpp:118:1:120:12 | { ... } | 1 |
| test.cpp:121:5:123:22 | { ... } | 2 |
| test.cpp:123:25:123:29 | i | 3 |
| test.cpp:124:9:123:34 | { ... } | 4 |
| test.cpp:128:9:128:10 | ExprStmt | 5 |
| test.cpp:135:5:117:7 | ExprStmt | 6 |
| test.cpp:139:1:151:5 | { ... } | 1 |
| test.cpp:141:12:141:15 | 1 | 2 |
| test.cpp:142:5:144:16 | { ... } | 3 |
| test.cpp:145:9:147:18 | { ... } | 4 |
| test.cpp:151:5:138:7 | label ...: | 5 |
